valid score sequences on n=8: 167
  score [0, 1, 2, 3, 4, 5, 6, 7]: 1 iso classes  (13.2s elapsed)
  score [0, 1, 2, 3, 4, 6, 6, 6]: 1 iso classes  (33.6s elapsed)
  score [0, 1, 2, 3, 5, 5, 5, 7]: 1 iso classes  (56.4s elapsed)
  score [0, 1, 2, 3, 5, 5, 6, 6]: 1 iso classes  (79.8s elapsed)
  score [0, 1, 2, 4, 4, 4, 6, 7]: 1 iso classes  (103.1s elapsed)
  score [0, 1, 2, 4, 4, 5, 5, 7]: 1 iso classes  (126.6s elapsed)
  score [0, 1, 2, 4, 4, 5, 6, 6]: 2 iso classes  (150.1s elapsed)
  score [0, 1, 2, 4, 5, 5, 5, 6]: 3 iso classes  (173.6s elapsed)
  score [0, 1, 2, 5, 5, 5, 5, 5]: 1 iso classes  (186.2s elapsed)
  score [0, 1, 3, 3, 3, 5, 6, 7]: 1 iso classes  (198.7s elapsed)
  score [0, 1, 3, 3, 3, 6, 6, 6]: 1 iso classes  (211.3s elapsed)
  score [0, 1, 3, 3, 4, 4, 6, 7]: 1 iso classes  (224.0s elapsed)
  score [0, 1, 3, 3, 4, 5, 5, 7]: 2 iso classes  (236.7s elapsed)
  score [0, 1, 3, 3, 4, 5, 6, 6]: 4 iso classes  (249.4s elapsed)
  score [0, 1, 3, 3, 5, 5, 5, 6]: 3 iso classes  (262.0s elapsed)
  score [0, 1, 3, 4, 4, 4, 5, 7]: 3 iso classes  (274.6s elapsed)
  score [0, 1, 3, 4, 4, 4, 6, 6]: 3 iso classes  (287.1s elapsed)
  score [0, 1, 3, 4, 4, 5, 5, 6]: 12 iso classes  (299.6s elapsed)
  score [0, 1, 3, 4, 5, 5, 5, 5]: 4 iso classes  (312.0s elapsed)
  score [0, 1, 4, 4, 4, 4, 4, 7]: 1 iso classes  (324.4s elapsed)
  score [0, 1, 4, 4, 4, 4, 5, 6]: 4 iso classes  (336.8s elapsed)
  score [0, 1, 4, 4, 4, 5, 5, 5]: 5 iso classes  (349.2s elapsed)
  score [0, 2, 2, 2, 4, 5, 6, 7]: 1 iso classes  (361.5s elapsed)
  score [0, 2, 2, 2, 4, 6, 6, 6]: 1 iso classes  (373.9s elapsed)
  score [0, 2, 2, 2, 5, 5, 5, 7]: 1 iso classes  (386.2s elapsed)
  score [0, 2, 2, 2, 5, 5, 6, 6]: 1 iso classes  (398.5s elapsed)
  score [0, 2, 2, 3, 3, 5, 6, 7]: 1 iso classes  (410.9s elapsed)
  score [0, 2, 2, 3, 3, 6, 6, 6]: 1 iso classes  (423.2s elapsed)
  score [0, 2, 2, 3, 4, 4, 6, 7]: 2 iso classes  (435.5s elapsed)
  score [0, 2, 2, 3, 4, 5, 5, 7]: 4 iso classes  (447.9s elapsed)
  score [0, 2, 2, 3, 4, 5, 6, 6]: 8 iso classes  (460.2s elapsed)
  score [0, 2, 2, 3, 5, 5, 5, 6]: 6 iso classes  (472.6s elapsed)
  score [0, 2, 2, 4, 4, 4, 5, 7]: 3 iso classes  (485.0s elapsed)
  score [0, 2, 2, 4, 4, 4, 6, 6]: 3 iso classes  (497.4s elapsed)
  score [0, 2, 2, 4, 4, 5, 5, 6]: 12 iso classes  (509.7s elapsed)
  score [0, 2, 2, 4, 5, 5, 5, 5]: 4 iso classes  (522.1s elapsed)
  score [0, 2, 3, 3, 3, 4, 6, 7]: 3 iso classes  (534.4s elapsed)
  score [0, 2, 3, 3, 3, 5, 5, 7]: 3 iso classes  (546.7s elapsed)
  score [0, 2, 3, 3, 3, 5, 6, 6]: 6 iso classes  (559.0s elapsed)
  score [0, 2, 3, 3, 4, 4, 5, 7]: 12 iso classes  (571.3s elapsed)
  score [0, 2, 3, 3, 4, 4, 6, 6]: 12 iso classes  (583.6s elapsed)
  score [0, 2, 3, 3, 4, 5, 5, 6]: 41 iso classes  (595.9s elapsed)
  score [0, 2, 3, 3, 5, 5, 5, 5]: 7 iso classes  (608.2s elapsed)
  score [0, 2, 3, 4, 4, 4, 4, 7]: 4 iso classes  (620.6s elapsed)
  score [0, 2, 3, 4, 4, 4, 5, 6]: 47 iso classes  (633.0s elapsed)
  score [0, 2, 3, 4, 4, 5, 5, 5]: 37 iso classes  (645.4s elapsed)
  score [0, 2, 4, 4, 4, 4, 4, 6]: 5 iso classes  (657.8s elapsed)
  score [0, 2, 4, 4, 4, 4, 5, 5]: 15 iso classes  (670.1s elapsed)
  score [0, 3, 3, 3, 3, 3, 6, 7]: 1 iso classes  (682.4s elapsed)
  score [0, 3, 3, 3, 3, 4, 5, 7]: 4 iso classes  (694.7s elapsed)
  score [0, 3, 3, 3, 3, 4, 6, 6]: 4 iso classes  (707.0s elapsed)
  score [0, 3, 3, 3, 3, 5, 5, 6]: 7 iso classes  (719.4s elapsed)
  score [0, 3, 3, 3, 4, 4, 4, 7]: 5 iso classes  (731.7s elapsed)
  score [0, 3, 3, 3, 4, 4, 5, 6]: 37 iso classes  (744.0s elapsed)
  score [0, 3, 3, 3, 4, 5, 5, 5]: 22 iso classes  (756.2s elapsed)
  score [0, 3, 3, 4, 4, 4, 4, 6]: 15 iso classes  (768.5s elapsed)
  score [0, 3, 3, 4, 4, 4, 5, 5]: 47 iso classes  (780.8s elapsed)
  score [0, 3, 4, 4, 4, 4, 4, 5]: 15 iso classes  (793.1s elapsed)
  score [0, 4, 4, 4, 4, 4, 4, 4]: 3 iso classes  (806.3s elapsed)
  score [1, 1, 1, 3, 4, 5, 6, 7]: 1 iso classes  (818.5s elapsed)
  score [1, 1, 1, 3, 4, 6, 6, 6]: 1 iso classes  (830.6s elapsed)
  score [1, 1, 1, 3, 5, 5, 5, 7]: 1 iso classes  (842.8s elapsed)
  score [1, 1, 1, 3, 5, 5, 6, 6]: 1 iso classes  (855.0s elapsed)
  score [1, 1, 1, 4, 4, 4, 6, 7]: 1 iso classes  (867.2s elapsed)
  score [1, 1, 1, 4, 4, 5, 5, 7]: 1 iso classes  (879.3s elapsed)
  score [1, 1, 1, 4, 4, 5, 6, 6]: 2 iso classes  (891.4s elapsed)
  score [1, 1, 1, 4, 5, 5, 5, 6]: 3 iso classes  (903.5s elapsed)
  score [1, 1, 1, 5, 5, 5, 5, 5]: 1 iso classes  (915.6s elapsed)
  score [1, 1, 2, 2, 4, 5, 6, 7]: 1 iso classes  (927.8s elapsed)
  score [1, 1, 2, 2, 4, 6, 6, 6]: 1 iso classes  (939.9s elapsed)
  score [1, 1, 2, 2, 5, 5, 5, 7]: 1 iso classes  (952.1s elapsed)
  score [1, 1, 2, 2, 5, 5, 6, 6]: 1 iso classes  (964.2s elapsed)
  score [1, 1, 2, 3, 3, 5, 6, 7]: 2 iso classes  (976.4s elapsed)
  score [1, 1, 2, 3, 3, 6, 6, 6]: 2 iso classes  (988.7s elapsed)
  score [1, 1, 2, 3, 4, 4, 6, 7]: 4 iso classes  (1000.9s elapsed)
  score [1, 1, 2, 3, 4, 5, 5, 7]: 8 iso classes  (1013.0s elapsed)
  score [1, 1, 2, 3, 4, 5, 6, 6]: 16 iso classes  (1025.3s elapsed)
  score [1, 1, 2, 3, 5, 5, 5, 6]: 12 iso classes  (1037.6s elapsed)
  score [1, 1, 2, 4, 4, 4, 5, 7]: 6 iso classes  (1050.0s elapsed)
  score [1, 1, 2, 4, 4, 4, 6, 6]: 6 iso classes  (1062.4s elapsed)
  score [1, 1, 2, 4, 4, 5, 5, 6]: 24 iso classes  (1074.9s elapsed)
  score [1, 1, 2, 4, 5, 5, 5, 5]: 8 iso classes  (1087.5s elapsed)
  score [1, 1, 3, 3, 3, 4, 6, 7]: 3 iso classes  (1099.8s elapsed)
  score [1, 1, 3, 3, 3, 5, 5, 7]: 3 iso classes  (1112.0s elapsed)
  score [1, 1, 3, 3, 3, 5, 6, 6]: 6 iso classes  (1124.3s elapsed)
  score [1, 1, 3, 3, 4, 4, 5, 7]: 12 iso classes  (1136.7s elapsed)
  score [1, 1, 3, 3, 4, 4, 6, 6]: 12 iso classes  (1148.9s elapsed)
  score [1, 1, 3, 3, 4, 5, 5, 6]: 41 iso classes  (1161.2s elapsed)
  score [1, 1, 3, 3, 5, 5, 5, 5]: 7 iso classes  (1173.5s elapsed)
  score [1, 1, 3, 4, 4, 4, 4, 7]: 4 iso classes  (1185.7s elapsed)
  score [1, 1, 3, 4, 4, 4, 5, 6]: 47 iso classes  (1197.9s elapsed)
  score [1, 1, 3, 4, 4, 5, 5, 5]: 37 iso classes  (1210.1s elapsed)
  score [1, 1, 4, 4, 4, 4, 4, 6]: 5 iso classes  (1222.3s elapsed)
  score [1, 1, 4, 4, 4, 4, 5, 5]: 15 iso classes  (1234.5s elapsed)
  score [1, 2, 2, 2, 3, 5, 6, 7]: 3 iso classes  (1246.8s elapsed)
  score [1, 2, 2, 2, 3, 6, 6, 6]: 3 iso classes  (1259.0s elapsed)
  score [1, 2, 2, 2, 4, 4, 6, 7]: 3 iso classes  (1271.3s elapsed)
  score [1, 2, 2, 2, 4, 5, 5, 7]: 6 iso classes  (1283.5s elapsed)
  score [1, 2, 2, 2, 4, 5, 6, 6]: 12 iso classes  (1295.8s elapsed)
  score [1, 2, 2, 2, 5, 5, 5, 6]: 9 iso classes  (1308.1s elapsed)
  score [1, 2, 2, 3, 3, 4, 6, 7]: 12 iso classes  (1320.7s elapsed)
  score [1, 2, 2, 3, 3, 5, 5, 7]: 12 iso classes  (1332.9s elapsed)
  score [1, 2, 2, 3, 3, 5, 6, 6]: 24 iso classes  (1345.0s elapsed)
  score [1, 2, 2, 3, 4, 4, 5, 7]: 41 iso classes  (1357.2s elapsed)
  score [1, 2, 2, 3, 4, 4, 6, 6]: 41 iso classes  (1369.3s elapsed)
  score [1, 2, 2, 3, 4, 5, 5, 6]: 140 iso classes  (1381.5s elapsed)
  score [1, 2, 2, 3, 5, 5, 5, 5]: 24 iso classes  (1393.7s elapsed)
  score [1, 2, 2, 4, 4, 4, 4, 7]: 7 iso classes  (1405.9s elapsed)
  score [1, 2, 2, 4, 4, 4, 5, 6]: 80 iso classes  (1418.1s elapsed)
  score [1, 2, 2, 4, 4, 5, 5, 5]: 63 iso classes  (1430.3s elapsed)
  score [1, 2, 3, 3, 3, 3, 6, 7]: 4 iso classes  (1442.4s elapsed)
  score [1, 2, 3, 3, 3, 4, 5, 7]: 47 iso classes  (1454.6s elapsed)
  score [1, 2, 3, 3, 3, 4, 6, 6]: 47 iso classes  (1466.8s elapsed)
  score [1, 2, 3, 3, 3, 5, 5, 6]: 80 iso classes  (1478.9s elapsed)
  score [1, 2, 3, 3, 4, 4, 4, 7]: 37 iso classes  (1491.1s elapsed)
  score [1, 2, 3, 3, 4, 4, 5, 6]: 360 iso classes  (1503.2s elapsed)
  score [1, 2, 3, 3, 4, 5, 5, 5]: 199 iso classes  (1515.3s elapsed)
  score [1, 2, 3, 4, 4, 4, 4, 6]: 100 iso classes  (1527.4s elapsed)
  score [1, 2, 3, 4, 4, 4, 5, 5]: 308 iso classes  (1539.7s elapsed)
  score [1, 2, 4, 4, 4, 4, 4, 5]: 50 iso classes  (1552.0s elapsed)
  score [1, 3, 3, 3, 3, 3, 5, 7]: 5 iso classes  (1564.3s elapsed)
  score [1, 3, 3, 3, 3, 3, 6, 6]: 5 iso classes  (1576.6s elapsed)
  score [1, 3, 3, 3, 3, 4, 4, 7]: 15 iso classes  (1588.9s elapsed)
  score [1, 3, 3, 3, 3, 4, 5, 6]: 100 iso classes  (1601.2s elapsed)
  score [1, 3, 3, 3, 3, 5, 5, 5]: 29 iso classes  (1613.5s elapsed)
  score [1, 3, 3, 3, 4, 4, 4, 6]: 100 iso classes  (1625.8s elapsed)
  score [1, 3, 3, 3, 4, 4, 5, 5]: 236 iso classes  (1638.2s elapsed)
  score [1, 3, 3, 4, 4, 4, 4, 5]: 182 iso classes  (1650.5s elapsed)
  score [1, 3, 4, 4, 4, 4, 4, 4]: 20 iso classes  (1664.3s elapsed)
  score [2, 2, 2, 2, 2, 5, 6, 7]: 1 iso classes  (1676.5s elapsed)
  score [2, 2, 2, 2, 2, 6, 6, 6]: 1 iso classes  (1688.6s elapsed)
  score [2, 2, 2, 2, 3, 4, 6, 7]: 4 iso classes  (1700.8s elapsed)
  score [2, 2, 2, 2, 3, 5, 5, 7]: 4 iso classes  (1712.9s elapsed)
  score [2, 2, 2, 2, 3, 5, 6, 6]: 8 iso classes  (1725.0s elapsed)
  score [2, 2, 2, 2, 4, 4, 5, 7]: 7 iso classes  (1737.0s elapsed)
  score [2, 2, 2, 2, 4, 4, 6, 6]: 7 iso classes  (1749.0s elapsed)
  score [2, 2, 2, 2, 4, 5, 5, 6]: 24 iso classes  (1761.1s elapsed)
  score [2, 2, 2, 2, 5, 5, 5, 5]: 4 iso classes  (1773.1s elapsed)
  score [2, 2, 2, 3, 3, 3, 6, 7]: 5 iso classes  (1785.2s elapsed)
  score [2, 2, 2, 3, 3, 4, 5, 7]: 37 iso classes  (1797.3s elapsed)
  score [2, 2, 2, 3, 3, 4, 6, 6]: 37 iso classes  (1809.4s elapsed)
  score [2, 2, 2, 3, 3, 5, 5, 6]: 63 iso classes  (1821.5s elapsed)
  score [2, 2, 2, 3, 4, 4, 4, 7]: 22 iso classes  (1833.6s elapsed)
  score [2, 2, 2, 3, 4, 4, 5, 6]: 199 iso classes  (1845.7s elapsed)
  score [2, 2, 2, 3, 4, 5, 5, 5]: 112 iso classes  (1858.0s elapsed)
  score [2, 2, 2, 4, 4, 4, 4, 6]: 29 iso classes  (1870.1s elapsed)
  score [2, 2, 2, 4, 4, 4, 5, 5]: 84 iso classes  (1882.2s elapsed)
  score [2, 2, 3, 3, 3, 3, 5, 7]: 15 iso classes  (1894.3s elapsed)
  score [2, 2, 3, 3, 3, 3, 6, 6]: 15 iso classes  (1906.4s elapsed)
  score [2, 2, 3, 3, 3, 4, 4, 7]: 47 iso classes  (1918.6s elapsed)
  score [2, 2, 3, 3, 3, 4, 5, 6]: 308 iso classes  (1930.7s elapsed)
  score [2, 2, 3, 3, 3, 5, 5, 5]: 84 iso classes  (1943.1s elapsed)
  score [2, 2, 3, 3, 4, 4, 4, 6]: 236 iso classes  (1955.4s elapsed)
  score [2, 2, 3, 3, 4, 4, 5, 5]: 565 iso classes  (1967.4s elapsed)
  score [2, 2, 3, 4, 4, 4, 4, 5]: 291 iso classes  (1979.6s elapsed)
  score [2, 2, 4, 4, 4, 4, 4, 4]: 15 iso classes  (1994.7s elapsed)
  score [2, 3, 3, 3, 3, 3, 4, 7]: 15 iso classes  (2007.1s elapsed)
  score [2, 3, 3, 3, 3, 3, 5, 6]: 50 iso classes  (2019.5s elapsed)
  score [2, 3, 3, 3, 3, 4, 4, 6]: 182 iso classes  (2031.8s elapsed)
  score [2, 3, 3, 3, 3, 4, 5, 5]: 291 iso classes  (2044.2s elapsed)
  score [2, 3, 3, 3, 4, 4, 4, 5]: 577 iso classes  (2056.5s elapsed)
  score [2, 3, 3, 4, 4, 4, 4, 4]: 131 iso classes  (2069.4s elapsed)
  score [3, 3, 3, 3, 3, 3, 3, 7]: 3 iso classes  (2082.6s elapsed)
  score [3, 3, 3, 3, 3, 3, 4, 6]: 20 iso classes  (2095.8s elapsed)
  score [3, 3, 3, 3, 3, 3, 5, 5]: 15 iso classes  (2110.7s elapsed)
  score [3, 3, 3, 3, 3, 4, 4, 5]: 131 iso classes  (2123.7s elapsed)
  score [3, 3, 3, 3, 4, 4, 4, 4]: 85 iso classes  (2138.2s elapsed)

Total iso classes on n=8: 6880
Score-uniquely-determined (SUD): 31
Strongly-connected AND SUD (SC-SUD): 0
Non-SC SUD: 31
Total time: 2138.2s
